// Vitest Snapshot v1

exports[`basics > ActionBox > should match snapshot 1`] = `<div />`;

exports[`basics > Box > should match snapshot 1`] = `<div />`;

exports[`basics > Flex > should match snapshot 1`] = `<div />`;

exports[`basics > H1 > should match snapshot 1`] = `<div />`;

exports[`basics > H2 > should match snapshot 1`] = `<div />`;

exports[`basics > H3 > should match snapshot 1`] = `<div />`;

exports[`basics > Img > should match snapshot 1`] = `
<div>
  <img
    class="css-qdb0d0-Img e2i8k6n4"
  />
</div>
`;

exports[`basics > OverlayActionBox > should match snapshot 1`] = `<div />`;
