// Vitest Snapshot v1

exports[`Loading > should render correctly 1`] = `
<div>
  <h3
    class="css-5jl3ge-Box e2i8k6n3"
    color="muted"
    font-size="1"
    font-weight="normal"
    text-decoration="underline"
  >
    Loading...
  </h3>
</div>
`;
