// Vitest Snapshot v1

exports[`Confirm > closed > should match snapshot 1`] = `<div />`;

exports[`Confirm > closed > should not find inside > "error" 1`] = `
"Unable to find an element with the text: closed-inside. This could be because the text is broken up by multiple elements. In this case, you can provide a function for your text matcher to make your matcher more flexible.

Ignored nodes: comments, script, style
[36m<body>[39m
  [36m<div>[39m
    [36m<div[39m
      [33mdata-testid[39m=[32m\\"closed-outside\\"[39m
    [36m/>[39m
  [36m</div>[39m
  [36m<div>[39m
    [36m<div[39m
      [33mdata-testid[39m=[32m\\"opened-outside\\"[39m
    [36m>[39m
      [36m<div[39m
        [33mclass[39m=[32m\\"css-uivw4k-Box edgsz5f2\\"[39m
        [33mheight[39m=[32m\\"100vh\\"[39m
        [33mopacity[39m=[32m\\"50%\\"[39m
        [33mwidth[39m=[32m\\"100vw\\"[39m
      [36m/>[39m
      [36m<div[39m
        [33mclass[39m=[32m\\"css-k6x3zl-Box-Flex edgsz5f1\\"[39m
        [33mheight[39m=[32m\\"100vh\\"[39m
        [33mwidth[39m=[32m\\"100vw\\"[39m
      [36m>[39m
        [36m<div[39m
          [33mclass[39m=[32m\\"css-18ya61d-Box-Flex edgsz5f1\\"[39m
          [33mheight[39m=[32m\\"100%\\"[39m
          [33mwidth[39m=[32m\\"100%\\"[39m
        [36m>[39m
          [36m<div[39m
            [33mclass[39m=[32m\\"css-180d022-Box-Flex edgsz5f1\\"[39m
            [33mcolor[39m=[32m\\"text\\"[39m
          [36m>[39m
            [36m<div[39m
              [33mclass[39m=[32m\\"css-13o8qag-Box edgsz5f2\\"[39m
            [36m>[39m
              [36m<div>[39m
                [0mopened-inside[0m
              [36m</div>[39m
              [36m<div[39m
                [33mclass[39m=[32m\\"css-1ne0ra-Box-Flex edgsz5f1\\"[39m
              [36m>[39m
                [36m<button[39m
                  [33mclass[39m=[32m\\"css-1567kwb-Box edgsz5f2\\"[39m
                  [33mcursor[39m=[32m\\"pointer\\"[39m
                  [33mheight[39m=[32m\\"100%\\"[39m
                [36m>[39m
                  [36m<div[39m
                    [33mclass[39m=[32m\\"css-zqq6fn-Box edgsz5f2\\"[39m
                    [33mcolor[39m=[32m\\"tone4\\"[39m
                  [36m>[39m
                    [0mYes[0m
                  [36m</div>[39m
                [36m</button>[39m
                [36m<button[39m
                  [33mclass[39m=[32m\\"css-1567kwb-Box edgsz5f2\\"[39m
                  [33mcursor[39m=[32m\\"pointer\\"[39m
                  [33mheight[39m=[32m\\"100%\\"[39m
                [36m>[39m
                  [36m<div[39m
                    [33mclass[39m=[32m\\"css-zqq6fn-Box edgsz5f2\\"[39m
                    [33mcolor[39m=[32m\\"tone4\\"[39m
                  [36m>[39m
                    [0mNo[0m
                  [36m</div>[39m
                [36m</button>[39m
              [36m</div>[39m
            [36m</div>[39m
          [36m</div>[39m
        [36m</div>[39m
      [36m</div>[39m
    [36m</div>[39m
  [36m</div>[39m
[36m</body>[39m"
`;

exports[`Confirm > opened > should match snapshot 1`] = `<div />`;
